// Jest Snapshot v1, https://goo.gl/fbAQLP

exports[`Form renders payment form (connected) 1`] = `
<form
  className="PaymentForm"
  onSubmit={[Function]}
>
  <div
    className="CardElement"
  />
  <input
    type="submit"
    value="submit"
  />
</form>
`;

exports[`Form renders payment form 1`] = `
<form
  className="PaymentForm"
  onSubmit={[Function]}
>
  <div
    className="CardElement"
  />
  <input
    type="submit"
    value="submit"
  />
</form>
`;
