// Jest Snapshot v1, https://goo.gl/fbAQLP

exports[`LoginPage renders login page when page is done loading (connected) 1`] = `
<div
  className="LoginPage"
>
  <h1
    className="LoginPage-title"
  >
    Login Required
  </h1>
  <div
    className="login-buttons-container"
  >
    <button
      className="login-btn facebook"
      data-method="Facebook"
      onClick={[Function]}
    >
      facebook
    </button>
    <button
      className="login-btn google"
      data-method="Google"
      onClick={[Function]}
    >
      google
    </button>
    <button
      className="login-btn twitter"
      data-method="Twitter"
      onClick={[Function]}
    >
      twitter
    </button>
  </div>
</div>
`;

exports[`LoginPage renders login page when page is done loading 1`] = `
<div
  className="LoginPage"
>
  <h1
    className="LoginPage-title"
  >
    Login Required
  </h1>
  <div
    className="login-buttons-container"
  >
    <button
      className="login-btn facebook"
      data-method="Facebook"
      onClick={[Function]}
    >
      facebook
    </button>
    <button
      className="login-btn google"
      data-method="Google"
      onClick={[Function]}
    >
      google
    </button>
    <button
      className="login-btn twitter"
      data-method="Twitter"
      onClick={[Function]}
    >
      twitter
    </button>
  </div>
</div>
`;
